P0-6 device=cuda
  [A/W10/s42] src trained 41s
[A W10 s42] 63s {'CALCE': (0.0785670354962349, 0.16652390360832214), 'NASA': (0.03514956310391426, 0.1001816838979721)}
  [A/W10/s43] src trained 82s
[A W10 s43] 103s {'CALCE': (0.08196549862623215, 0.166620671749115), 'NASA': (0.03878048434853554, 0.11728095263242722)}
  [A/W10/s44] src trained 99s
[A W10 s44] 121s {'CALCE': (0.10978954285383224, 0.15860562026500702), 'NASA': (0.024238722398877144, 0.08872509747743607)}
  [A/W10/s45] src trained 78s
[A W10 s45] 99s {'CALCE': (0.12407813966274261, 0.14719410240650177), 'NASA': (0.019153213128447533, 0.10330849140882492)}
  [A/W10/s46] src trained 50s
[A W10 s46] 65s {'CALCE': (0.11780322343111038, 0.15218783915042877), 'NASA': (0.03189283236861229, 0.1059100553393364)}
  [A/W30/s42] src trained 53s
[A W30 s42] 72s {'CALCE': (0.09339888393878937, 0.17187237739562988), 'NASA': (0.017938140779733658, 0.11211714893579483)}
  [A/W30/s43] src trained 31s
[A W30 s43] 49s {'CALCE': (0.08583632111549377, 0.18227605521678925), 'NASA': (0.03350134566426277, 0.13305246829986572)}
  [A/W30/s44] src trained 53s
[A W30 s44] 71s {'CALCE': (0.10324758291244507, 0.16994066536426544), 'NASA': (0.024655668064951897, 0.09779688715934753)}
  [A/W30/s45] src trained 37s
[A W30 s45] 56s {'CALCE': (0.11664044111967087, 0.14344999194145203), 'NASA': (0.018794814124703407, 0.10950826853513718)}
  [A/W30/s46] src trained 37s
[A W30 s46] 52s {'CALCE': (0.12879176437854767, 0.16361545026302338), 'NASA': (0.02872542478144169, 0.12428440898656845)}
  [A/W40/s42] src trained 43s
[A W40 s42] 63s {'CALCE': (0.09342546761035919, 0.1759895384311676), 'NASA': (0.02066883072257042, 0.11443410068750381)}
  [A/W40/s43] src trained 60s
[A W40 s43] 79s {'CALCE': (0.08309333771467209, 0.16527533531188965), 'NASA': (0.030568767338991165, 0.12225592136383057)}
  [A/W40/s44] src trained 25s
[A W40 s44] 42s {'CALCE': (0.10173346847295761, 0.1781473308801651), 'NASA': (0.031449198722839355, 0.0986645445227623)}
  [A/W40/s45] src trained 43s
[A W40 s45] 62s {'CALCE': (0.11319800466299057, 0.14912065863609314), 'NASA': (0.018557986244559288, 0.11898326128721237)}
  [A/W40/s46] src trained 64s
[A W40 s46] 81s {'CALCE': (0.1293785572052002, 0.16358402371406555), 'NASA': (0.020032865926623344, 0.12584319710731506)}
  [B/H5/s42] src trained 22s
[B H5 s42] 132s {'CALCE': (0.06985150277614594, 0.15981316566467285), 'NASA': (0.02578127384185791, 0.10337331891059875)}
  [B/H5/s43] src trained 135s
[B H5 s43] 292s {'CALCE': (0.07124073803424835, 0.15459437668323517), 'NASA': (0.01619395799934864, 0.11187578737735748)}
  [B/H5/s44] src trained 172s
[B H5 s44] 307s {'CALCE': (0.08763053268194199, 0.14609834551811218), 'NASA': (0.014704459346830845, 0.09017167240381241)}
  [B/H5/s45] src trained 82s
[B H5 s45] 187s {'CALCE': (0.0975366085767746, 0.14456430077552795), 'NASA': (0.01695125550031662, 0.10134034603834152)}
  [B/H5/s46] src trained 146s
[B H5 s46] 217s {'CALCE': (0.09362059086561203, 0.15376383066177368), 'NASA': (0.017851781100034714, 0.11286859214305878)}
  [B/H20/s42] src trained 81s
[B H20 s42] 214s {'CALCE': (0.1321479231119156, 0.16444477438926697), 'NASA': (0.02965872548520565, 0.11423308402299881)}
  [B/H20/s43] src trained 105s
[B H20 s43] 193s {'CALCE': (0.09538891166448593, 0.1608552485704422), 'NASA': (0.021585870534181595, 0.12544000148773193)}
  [B/H20/s44] src trained 136s
[B H20 s44] 233s {'CALCE': (0.11417844891548157, 0.15187551081180573), 'NASA': (0.022093351930379868, 0.09926683455705643)}
  [B/H20/s45] src trained 114s
[B H20 s45] 308s {'CALCE': (0.11840706318616867, 0.15386144816875458), 'NASA': (0.025115149095654488, 0.1158822700381279)}
  [B/H20/s46] src trained 109s
[B H20 s46] 195s {'CALCE': (0.13275699317455292, 0.16143734753131866), 'NASA': (0.020797591656446457, 0.1251809298992157)}
P0-6 完成 3357s，共 50 行 -> p0_6_wh_sensitivity.csv

=== 汇总（5 种子均值±std ft_rmse） ===
  tcn W=10 H=10 CALCE  ft 0.1024±0.0209
  tcn W=10 H=10 NASA   ft 0.0298±0.0080
  tcn W=30 H=10 CALCE  ft 0.1056±0.0174
  tcn W=30 H=10 NASA   ft 0.0247±0.0066
  tcn W=40 H=10 CALCE  ft 0.1042±0.0179
  tcn W=40 H=10 NASA   ft 0.0243±0.0062
  lstm W=20 H=5 CALCE  ft 0.0840±0.0128
  lstm W=20 H=5 NASA   ft 0.0183±0.0043
  lstm W=20 H=20 CALCE  ft 0.1186±0.0153
  lstm W=20 H=20 NASA   ft 0.0239±0.0036
